// Jest Snapshot v1, https://goo.gl/fbAQLP

exports[`Setup component renders form.Setup by default 1`] = `
<div
  className="Setup_container"
>
  <h2>
    Setup
  </h2>
  <form
    className="Setup_form"
    onSubmit={[Function]}
  >
    <div
      className="Select_box"
    >
      <label
        htmlFor="#ofDaysChoice"
      >
        # of Practice Days
      </label>
      <select
        id="#ofDaysChoice"
        name="#ofDaysChoice"
        onChange={[Function]}
        required={true}
      >
        <option
          value=""
        >
          Select Length of Goal
        </option>
        <option
          value="7"
        >
          7 Days
        </option>
        <option
          value="30"
        >
          30 Days
        </option>
        <option
          value="100"
        >
          100 Days
        </option>
      </select>
    </div>
    <div>
      <label
        htmlFor="hours"
      >
         Hours Per Day 
      </label>
      <input
        autoComplete="off"
        id="hours"
        name="hours"
        onChange={[Function]}
        placeholder="# of hrs"
        required={true}
        type="text"
      />
    </div>
    <div
      className="Setup_buttons"
    >
      <button
        disabled={false}
        type="submit"
      >
        Start my goal today!
      </button>
    </div>
  </form>
</div>
`;

exports[`Setup component renders the Setup given props 1`] = `
<div
  className="Setup_container"
>
  <h2>
    Setup
  </h2>
  <form
    className="Setup_form"
    onSubmit={[Function]}
  >
    <div
      className="Select_box"
    >
      <label
        htmlFor="#ofDaysChoice"
      >
        # of Practice Days
      </label>
      <select
        id="#ofDaysChoice"
        name="#ofDaysChoice"
        onChange={[Function]}
        required={true}
      >
        <option
          value=""
        >
          Select Length of Goal
        </option>
        <option
          value="7"
        >
          7 Days
        </option>
        <option
          value="30"
        >
          30 Days
        </option>
        <option
          value="100"
        >
          100 Days
        </option>
      </select>
    </div>
    <div>
      <label
        htmlFor="hours"
      >
         Hours Per Day 
      </label>
      <input
        autoComplete="off"
        id="hours"
        name="hours"
        onChange={[Function]}
        placeholder="# of hrs"
        required={true}
        type="text"
      />
    </div>
    <div
      className="Setup_buttons"
    >
      <button
        disabled={false}
        type="submit"
      >
        Start my goal today!
      </button>
    </div>
  </form>
</div>
`;
